// Jest Snapshot v1, https://goo.gl/fbAQLP

exports[`should render Dashboard correctly 1`] = `
<div>
  <p>
    This is from my dashboard component
  </p>
  <Connect(ExpenseListFilter) />
  <Connect(ExpenseList) />
</div>
`;
